src/controllers/paymentController.ts(2,1): error TS6133: 'crypto' is declared but its value is never read.
src/controllers/paymentController.ts(6,1): error TS6133: 'razorpay' is declared but its value is never read.
src/controllers/paymentController.ts(7,1): error TS6133: 'Booking' is declared but its value is never read.
src/controllers/paymentController.ts(8,1): error TS6133: 'Payment' is declared but its value is never read.
src/controllers/paymentController.ts(10,1): error TS6133: 'config' is declared but its value is never read.
src/routes/carRoutes.ts(20,27): error TS2769: No overload matches this call.
  The last overload gave the following error.
    Argument of type '(req: AuthRequest, _res: Response, next: NextFunction) => void' is not assignable to parameter of type 'RequestHandlerParams<ParamsDictionary, any, any, ParsedQs, Record<string, any>>'.
      Type '(req: AuthRequest, _res: Response, next: NextFunction) => void' is not assignable to type 'RequestHandler<ParamsDictionary, any, any, ParsedQs, Record<string, any>>'.
        Types of parameters 'req' and 'req' are incompatible.
          Type 'Request<ParamsDictionary, any, any, ParsedQs, Record<string, any>>' is not assignable to type 'AuthRequest'.
            Types of property 'user' are incompatible.
              Type 'User | undefined' is not assignable to type '{ id: string; email: string; role: string; } | undefined'.
                Type 'User' is missing the following properties from type '{ id: string; email: string; role: string; }': id, email, role
src/routes/carRoutes.ts(21,29): error TS2769: No overload matches this call.
  The last overload gave the following error.
    Argument of type '(req: AuthRequest, _res: Response, next: NextFunction) => void' is not assignable to parameter of type 'RequestHandlerParams<ParamsDictionary, any, any, ParsedQs, Record<string, any>>'.
      Type '(req: AuthRequest, _res: Response, next: NextFunction) => void' is not assignable to type 'RequestHandler<ParamsDictionary, any, any, ParsedQs, Record<string, any>>'.
        Types of parameters 'req' and 'req' are incompatible.
          Type 'Request<ParamsDictionary, any, any, ParsedQs, Record<string, any>>' is not assignable to type 'AuthRequest'.
            Types of property 'user' are incompatible.
              Type 'User | undefined' is not assignable to type '{ id: string; email: string; role: string; } | undefined'.
                Type 'User' is missing the following properties from type '{ id: string; email: string; role: string; }': id, email, role
src/routes/carRoutes.ts(22,32): error TS2769: No overload matches this call.
  The last overload gave the following error.
    Argument of type '(req: AuthRequest, _res: Response, next: NextFunction) => void' is not assignable to parameter of type 'RequestHandlerParams<ParamsDictionary, any, any, ParsedQs, Record<string, any>>'.
      Type '(req: AuthRequest, _res: Response, next: NextFunction) => void' is not assignable to type 'RequestHandler<ParamsDictionary, any, any, ParsedQs, Record<string, any>>'.
        Types of parameters 'req' and 'req' are incompatible.
          Type 'Request<ParamsDictionary, any, any, ParsedQs, Record<string, any>>' is not assignable to type 'AuthRequest'.
            Types of property 'user' are incompatible.
              Type 'User | undefined' is not assignable to type '{ id: string; email: string; role: string; } | undefined'.
                Type 'User' is missing the following properties from type '{ id: string; email: string; role: string; }': id, email, role
src/routes/carRoutes.ts(23,38): error TS2769: No overload matches this call.
  The last overload gave the following error.
    Argument of type '(req: AuthRequest, _res: Response, next: NextFunction) => void' is not assignable to parameter of type 'RequestHandlerParams<ParamsDictionary, any, any, ParsedQs, Record<string, any>>'.
      Type '(req: AuthRequest, _res: Response, next: NextFunction) => void' is not assignable to type 'RequestHandler<ParamsDictionary, any, any, ParsedQs, Record<string, any>>'.
        Types of parameters 'req' and 'req' are incompatible.
          Type 'Request<ParamsDictionary, any, any, ParsedQs, Record<string, any>>' is not assignable to type 'AuthRequest'.
            Types of property 'user' are incompatible.
              Type 'User | undefined' is not assignable to type '{ id: string; email: string; role: string; } | undefined'.
                Type 'User' is missing the following properties from type '{ id: string; email: string; role: string; }': id, email, role
src/routes/customerRoutes.ts(13,26): error TS2769: No overload matches this call.
  The last overload gave the following error.
    Argument of type '(req: AuthRequest, _res: Response, next: NextFunction) => void' is not assignable to parameter of type 'RequestHandlerParams<ParamsDictionary, any, any, ParsedQs, Record<string, any>>'.
      Type '(req: AuthRequest, _res: Response, next: NextFunction) => void' is not assignable to type 'RequestHandler<ParamsDictionary, any, any, ParsedQs, Record<string, any>>'.
        Types of parameters 'req' and 'req' are incompatible.
          Type 'Request<ParamsDictionary, any, any, ParsedQs, Record<string, any>>' is not assignable to type 'AuthRequest'.
            Types of property 'user' are incompatible.
              Type 'User | undefined' is not assignable to type '{ id: string; email: string; role: string; } | undefined'.
                Type 'User' is missing the following properties from type '{ id: string; email: string; role: string; }': id, email, role
src/routes/customerRoutes.ts(17,32): error TS2769: No overload matches this call.
  The last overload gave the following error.
    Argument of type '(req: AuthRequest, _res: Response, next: NextFunction) => void' is not assignable to parameter of type 'RequestHandlerParams<ParamsDictionary, any, any, ParsedQs, Record<string, any>>'.
      Type '(req: AuthRequest, _res: Response, next: NextFunction) => void' is not assignable to type 'RequestHandler<ParamsDictionary, any, any, ParsedQs, Record<string, any>>'.
        Types of parameters 'req' and 'req' are incompatible.
          Type 'Request<ParamsDictionary, any, any, ParsedQs, Record<string, any>>' is not assignable to type 'AuthRequest'.
            Types of property 'user' are incompatible.
              Type 'User | undefined' is not assignable to type '{ id: string; email: string; role: string; } | undefined'.
                Type 'User' is missing the following properties from type '{ id: string; email: string; role: string; }': id, email, role
src/routes/dashboardRoutes.ts(13,12): error TS2769: No overload matches this call.
  The last overload gave the following error.
    Argument of type '(req: Request, res: Response, next: NextFunction) => void' is not assignable to parameter of type 'PathParams'.
src/services/paymentService.ts(4,19): error TS6133: 'PaymentStatus' is declared but its value is never read.
